  Main.cpp
  BinaryData.cpp
  include_juce_audio_basics.cpp
  include_juce_audio_devices.cpp
  include_juce_audio_formats.cpp
  include_juce_audio_utils.cpp
  include_juce_core.cpp
  include_juce_data_structures.cpp
  include_juce_events.cpp
  include_juce_graphics.cpp
  include_juce_gui_extra.cpp
D:\Shanghaitech\2025Fall\CS120\CS120-ComputerNetwork-Project\Proj0\Pj0\MySoundPlayer\MySoundPlayer\Source\Main.cpp(1,1): warning C4819: 该文件包含不能在当前代码页(936)中表示的字符。请将该文件保存为 Unicode 格式以防止数据丢失
D:\JUCE\modules\juce_core\text\juce_CharacterFunctions.cpp(1,1): warning C4819: 该文件包含不能在当前代码页(936)中表示的字符。请将该文件保存为 Unicode 格式以防止数据丢失
  (编译源文件“../../JuceLibraryCode/include_juce_core.cpp”)
  
D:\Shanghaitech\2025Fall\CS120\CS120-ComputerNetwork-Project\Proj0\Pj0\MySoundPlayer\MySoundPlayer\Source\Main.cpp(105,9): error C2059: 语法错误:“if”
D:\Shanghaitech\2025Fall\CS120\CS120-ComputerNetwork-Project\Proj0\Pj0\MySoundPlayer\MySoundPlayer\Source\Main.cpp(105,32): error C2334: “{”的前面有意外标记；跳过明显的函数体
D:\Shanghaitech\2025Fall\CS120\CS120-ComputerNetwork-Project\Proj0\Pj0\MySoundPlayer\MySoundPlayer\Source\Main.cpp(110,9): error C3927: "->": 非函数声明符后不允许尾随返回类型
D:\Shanghaitech\2025Fall\CS120\CS120-ComputerNetwork-Project\Proj0\Pj0\MySoundPlayer\MySoundPlayer\Source\Main.cpp(110,21): error C3484: 语法错误: 返回类型前应为“->”
D:\Shanghaitech\2025Fall\CS120\CS120-ComputerNetwork-Project\Proj0\Pj0\MySoundPlayer\MySoundPlayer\Source\Main.cpp(110,22): error C3613: “->”后缺少返回类型(假定为“int”)
D:\Shanghaitech\2025Fall\CS120\CS120-ComputerNetwork-Project\Proj0\Pj0\MySoundPlayer\MySoundPlayer\Source\Main.cpp(110,22): error C3646: “clear”: 未知重写说明符
D:\Shanghaitech\2025Fall\CS120\CS120-ComputerNetwork-Project\Proj0\Pj0\MySoundPlayer\MySoundPlayer\Source\Main.cpp(110,27): error C2059: 语法错误:“(”
D:\Shanghaitech\2025Fall\CS120\CS120-ComputerNetwork-Project\Proj0\Pj0\MySoundPlayer\MySoundPlayer\Source\Main.cpp(110,29): error C2238: 意外的标记位于“;”之前
D:\Shanghaitech\2025Fall\CS120\CS120-ComputerNetwork-Project\Proj0\Pj0\MySoundPlayer\MySoundPlayer\Source\Main.cpp(111,21): error C2059: 语法错误:“=”
D:\Shanghaitech\2025Fall\CS120\CS120-ComputerNetwork-Project\Proj0\Pj0\MySoundPlayer\MySoundPlayer\Source\Main.cpp(111,27): error C2238: 意外的标记位于“;”之前
D:\Shanghaitech\2025Fall\CS120\CS120-ComputerNetwork-Project\Proj0\Pj0\MySoundPlayer\MySoundPlayer\Source\Main.cpp(112,22): error C2059: 语法错误:“=”
D:\Shanghaitech\2025Fall\CS120\CS120-ComputerNetwork-Project\Proj0\Pj0\MySoundPlayer\MySoundPlayer\Source\Main.cpp(112,28): error C2238: 意外的标记位于“;”之前
D:\Shanghaitech\2025Fall\CS120\CS120-ComputerNetwork-Project\Proj0\Pj0\MySoundPlayer\MySoundPlayer\Source\Main.cpp(113,19): error C2059: 语法错误:“=”
D:\Shanghaitech\2025Fall\CS120\CS120-ComputerNetwork-Project\Proj0\Pj0\MySoundPlayer\MySoundPlayer\Source\Main.cpp(113,26): error C2238: 意外的标记位于“;”之前
D:\Shanghaitech\2025Fall\CS120\CS120-ComputerNetwork-Project\Proj0\Pj0\MySoundPlayer\MySoundPlayer\Source\Main.cpp(114,32): error C2059: 语法错误:“=”
D:\Shanghaitech\2025Fall\CS120\CS120-ComputerNetwork-Project\Proj0\Pj0\MySoundPlayer\MySoundPlayer\Source\Main.cpp(114,39): error C2238: 意外的标记位于“;”之前
D:\Shanghaitech\2025Fall\CS120\CS120-ComputerNetwork-Project\Proj0\Pj0\MySoundPlayer\MySoundPlayer\Source\Main.cpp(115,22): error C2059: 语法错误:“=”
D:\Shanghaitech\2025Fall\CS120\CS120-ComputerNetwork-Project\Proj0\Pj0\MySoundPlayer\MySoundPlayer\Source\Main.cpp(115,25): error C2238: 意外的标记位于“;”之前
D:\Shanghaitech\2025Fall\CS120\CS120-ComputerNetwork-Project\Proj0\Pj0\MySoundPlayer\MySoundPlayer\Source\Main.cpp(116,25): error C2059: 语法错误:“=”
D:\Shanghaitech\2025Fall\CS120\CS120-ComputerNetwork-Project\Proj0\Pj0\MySoundPlayer\MySoundPlayer\Source\Main.cpp(116,28): error C2238: 意外的标记位于“;”之前
D:\Shanghaitech\2025Fall\CS120\CS120-ComputerNetwork-Project\Proj0\Pj0\MySoundPlayer\MySoundPlayer\Source\Main.cpp(117,27): error C2059: 语法错误:“=”
D:\Shanghaitech\2025Fall\CS120\CS120-ComputerNetwork-Project\Proj0\Pj0\MySoundPlayer\MySoundPlayer\Source\Main.cpp(117,30): error C2238: 意外的标记位于“;”之前
D:\Shanghaitech\2025Fall\CS120\CS120-ComputerNetwork-Project\Proj0\Pj0\MySoundPlayer\MySoundPlayer\Source\Main.cpp(118,29): error C2059: 语法错误:“=”
D:\Shanghaitech\2025Fall\CS120\CS120-ComputerNetwork-Project\Proj0\Pj0\MySoundPlayer\MySoundPlayer\Source\Main.cpp(118,46): error C2238: 意外的标记位于“;”之前
D:\Shanghaitech\2025Fall\CS120\CS120-ComputerNetwork-Project\Proj0\Pj0\MySoundPlayer\MySoundPlayer\Source\Main.cpp(119,25): error C2059: 语法错误:“=”
D:\Shanghaitech\2025Fall\CS120\CS120-ComputerNetwork-Project\Proj0\Pj0\MySoundPlayer\MySoundPlayer\Source\Main.cpp(119,31): error C2238: 意外的标记位于“;”之前
D:\Shanghaitech\2025Fall\CS120\CS120-ComputerNetwork-Project\Proj0\Pj0\MySoundPlayer\MySoundPlayer\Source\Main.cpp(121,19): error C2143: 语法错误: 缺少“;”(在“<<”的前面)
D:\Shanghaitech\2025Fall\CS120\CS120-ComputerNetwork-Project\Proj0\Pj0\MySoundPlayer\MySoundPlayer\Source\Main.cpp(121,14): warning C4517: 否决访问声明；成员 using 声明提供更好的选择
D:\Shanghaitech\2025Fall\CS120\CS120-ComputerNetwork-Project\Proj0\Pj0\MySoundPlayer\MySoundPlayer\Source\Main.cpp(121,14): error C2886: “std::cout”: 在成员 using 声明中不能使用符号
      D:\Microsoft Visual Studio\VC\Tools\MSVC\14.44.35207\include\iostream(40,75):
      参见“std::cout”的声明
  
D:\Shanghaitech\2025Fall\CS120\CS120-ComputerNetwork-Project\Proj0\Pj0\MySoundPlayer\MySoundPlayer\Source\Main.cpp(121,75): error C2238: 意外的标记位于“;”之前
D:\Shanghaitech\2025Fall\CS120\CS120-ComputerNetwork-Project\Proj0\Pj0\MySoundPlayer\MySoundPlayer\Source\Main.cpp(122,19): error C2143: 语法错误: 缺少“;”(在“<<”的前面)
D:\Shanghaitech\2025Fall\CS120\CS120-ComputerNetwork-Project\Proj0\Pj0\MySoundPlayer\MySoundPlayer\Source\Main.cpp(122,14): warning C4517: 否决访问声明；成员 using 声明提供更好的选择
D:\Shanghaitech\2025Fall\CS120\CS120-ComputerNetwork-Project\Proj0\Pj0\MySoundPlayer\MySoundPlayer\Source\Main.cpp(122,14): error C2886: “std::cout”: 在成员 using 声明中不能使用符号
      D:\Microsoft Visual Studio\VC\Tools\MSVC\14.44.35207\include\iostream(40,75):
      参见“std::cout”的声明
  
D:\Shanghaitech\2025Fall\CS120\CS120-ComputerNetwork-Project\Proj0\Pj0\MySoundPlayer\MySoundPlayer\Source\Main.cpp(122,52): error C2238: 意外的标记位于“;”之前
D:\Shanghaitech\2025Fall\CS120\CS120-ComputerNetwork-Project\Proj0\Pj0\MySoundPlayer\MySoundPlayer\Source\Main.cpp(124,20): error C2059: 语法错误:“常数”
D:\Shanghaitech\2025Fall\CS120\CS120-ComputerNetwork-Project\Proj0\Pj0\MySoundPlayer\MySoundPlayer\Source\Main.cpp(124,9): error C4430: 缺少类型说明符 - 假定为 int。注意: C++ 不支持默认 int
D:\Shanghaitech\2025Fall\CS120\CS120-ComputerNetwork-Project\Proj0\Pj0\MySoundPlayer\MySoundPlayer\Source\Main.cpp(124,9): warning C4183: “startTimer”: 缺少返回类型；假定为返回“int”的成员函数
D:\Shanghaitech\2025Fall\CS120\CS120-ComputerNetwork-Project\Proj0\Pj0\MySoundPlayer\MySoundPlayer\Source\Main.cpp(130,5): error C2628: “IntegratedAudioSystem”后面接“void”是非法的(是否忘记了“;”?)
D:\Shanghaitech\2025Fall\CS120\CS120-ComputerNetwork-Project\Proj0\Pj0\MySoundPlayer\MySoundPlayer\Source\Main.cpp(130,10): error C2259: “IntegratedAudioSystem”: 无法实例化抽象类
      D:\Shanghaitech\2025Fall\CS120\CS120-ComputerNetwork-Project\Proj0\Pj0\MySoundPlayer\MySoundPlayer\Source\Main.cpp(12,7):
      参见“IntegratedAudioSystem”的声明
      D:\Shanghaitech\2025Fall\CS120\CS120-ComputerNetwork-Project\Proj0\Pj0\MySoundPlayer\MySoundPlayer\Source\Main.cpp(130,10):
      由于下列成员:
      D:\Shanghaitech\2025Fall\CS120\CS120-ComputerNetwork-Project\Proj0\Pj0\MySoundPlayer\MySoundPlayer\Source\Main.cpp(130,10):
      “void juce::AudioIODeviceCallback::audioDeviceAboutToStart(juce::AudioIODevice *)”: 是抽象的
      D:\JUCE\modules\juce_audio_devices\audio_io\juce_AudioIODevice.h(133,18):
      参见“juce::AudioIODeviceCallback::audioDeviceAboutToStart”的声明
      D:\Shanghaitech\2025Fall\CS120\CS120-ComputerNetwork-Project\Proj0\Pj0\MySoundPlayer\MySoundPlayer\Source\Main.cpp(130,10):
      “void juce::AudioIODeviceCallback::audioDeviceStopped(void)”: 是抽象的
      D:\JUCE\modules\juce_audio_devices\audio_io\juce_AudioIODevice.h(136,18):
      参见“juce::AudioIODeviceCallback::audioDeviceStopped”的声明
  
D:\Shanghaitech\2025Fall\CS120\CS120-ComputerNetwork-Project\Proj0\Pj0\MySoundPlayer\MySoundPlayer\Source\Main.cpp(131,9): error C2065: “generatedWave”: 未声明的标识符
D:\Shanghaitech\2025Fall\CS120\CS120-ComputerNetwork-Project\Proj0\Pj0\MySoundPlayer\MySoundPlayer\Source\Main.cpp(132,9): error C2065: “wavePlayPosition”: 未声明的标识符
D:\Shanghaitech\2025Fall\CS120\CS120-ComputerNetwork-Project\Proj0\Pj0\MySoundPlayer\MySoundPlayer\Source\Main.cpp(135,9): error C2065: “generatedWave”: 未声明的标识符
D:\Shanghaitech\2025Fall\CS120\CS120-ComputerNetwork-Project\Proj0\Pj0\MySoundPlayer\MySoundPlayer\Source\Main.cpp(151,13): error C2065: “generatedWave”: 未声明的标识符
D:\Shanghaitech\2025Fall\CS120\CS120-ComputerNetwork-Project\Proj0\Pj0\MySoundPlayer\MySoundPlayer\Source\Main.cpp(154,9): error C2065: “isPlayingGeneratedWave”: 未声明的标识符
D:\Shanghaitech\2025Fall\CS120\CS120-ComputerNetwork-Project\Proj0\Pj0\MySoundPlayer\MySoundPlayer\Source\Main.cpp(155,9): error C2065: “isRecording”: 未声明的标识符
D:\Shanghaitech\2025Fall\CS120\CS120-ComputerNetwork-Project\Proj0\Pj0\MySoundPlayer\MySoundPlayer\Source\Main.cpp(156,9): error C2065: “isPlaying”: 未声明的标识符
D:\Shanghaitech\2025Fall\CS120\CS120-ComputerNetwork-Project\Proj0\Pj0\MySoundPlayer\MySoundPlayer\Source\Main.cpp(157,9): error C2065: “isPlayingMP3”: 未声明的标识符
D:\Shanghaitech\2025Fall\CS120\CS120-ComputerNetwork-Project\Proj0\Pj0\MySoundPlayer\MySoundPlayer\Source\Main.cpp(163,22): error C3482: “this”只能在非静态成员函数中用作 lambda 捕获
D:\Shanghaitech\2025Fall\CS120\CS120-ComputerNetwork-Project\Proj0\Pj0\MySoundPlayer\MySoundPlayer\Source\Main.cpp(165,17): error C2065: “isPlayingGeneratedWave”: 未声明的标识符
D:\Shanghaitech\2025Fall\CS120\CS120-ComputerNetwork-Project\Proj0\Pj0\MySoundPlayer\MySoundPlayer\Source\Main.cpp(166,17): error C2065: “isPlayingGeneratedWave”: 未声明的标识符
D:\Shanghaitech\2025Fall\CS120\CS120-ComputerNetwork-Project\Proj0\Pj0\MySoundPlayer\MySoundPlayer\Source\Main.cpp(59,9): error C2660: “IntegratedAudioSystem::startTimer”: 函数不接受 1 个参数
      D:\Shanghaitech\2025Fall\CS120\CS120-ComputerNetwork-Project\Proj0\Pj0\MySoundPlayer\MySoundPlayer\Source\Main.cpp(124,9):
      参见“IntegratedAudioSystem::startTimer”的声明
      D:\Shanghaitech\2025Fall\CS120\CS120-ComputerNetwork-Project\Proj0\Pj0\MySoundPlayer\MySoundPlayer\Source\Main.cpp(59,9):
      尝试匹配参数列表“(int)”时
  
D:\Shanghaitech\2025Fall\CS120\CS120-ComputerNetwork-Project\Proj0\Pj0\MySoundPlayer\MySoundPlayer\Source\Main.cpp(87,26): error C2065: “totalSamples”: 未声明的标识符
D:\Shanghaitech\2025Fall\CS120\CS120-ComputerNetwork-Project\Proj0\Pj0\MySoundPlayer\MySoundPlayer\Source\Main.cpp(89,60): error C2065: “totalSamples”: 未声明的标识符
D:\Shanghaitech\2025Fall\CS120\CS120-ComputerNetwork-Project\Proj0\Pj0\MySoundPlayer\MySoundPlayer\Source\Main.cpp(90,38): error C2065: “totalSamples”: 未声明的标识符
D:\Shanghaitech\2025Fall\CS120\CS120-ComputerNetwork-Project\Proj0\Pj0\MySoundPlayer\MySoundPlayer\Source\Main.cpp(92,32): error C2065: “totalSamples”: 未声明的标识符
D:\Shanghaitech\2025Fall\CS120\CS120-ComputerNetwork-Project\Proj0\Pj0\MySoundPlayer\MySoundPlayer\Source\Main.cpp(94,33): warning C4018: “<”: 有符号/无符号不匹配
D:\Shanghaitech\2025Fall\CS120\CS120-ComputerNetwork-Project\Proj0\Pj0\MySoundPlayer\MySoundPlayer\Source\Main.cpp(95,57): warning C4267: “参数”: 从“size_t”转换到“int”，可能丢失数据
D:\Shanghaitech\2025Fall\CS120\CS120-ComputerNetwork-Project\Proj0\Pj0\MySoundPlayer\MySoundPlayer\Source\Main.cpp(174,9): error C2065: “generatedWave”: 未声明的标识符
D:\Shanghaitech\2025Fall\CS120\CS120-ComputerNetwork-Project\Proj0\Pj0\MySoundPlayer\MySoundPlayer\Source\Main.cpp(175,9): error C2065: “wavePlayPosition”: 未声明的标识符
D:\Shanghaitech\2025Fall\CS120\CS120-ComputerNetwork-Project\Proj0\Pj0\MySoundPlayer\MySoundPlayer\Source\Main.cpp(178,9): error C2065: “generatedWave”: 未声明的标识符
D:\Shanghaitech\2025Fall\CS120\CS120-ComputerNetwork-Project\Proj0\Pj0\MySoundPlayer\MySoundPlayer\Source\Main.cpp(188,13): error C2065: “generatedWave”: 未声明的标识符
D:\Shanghaitech\2025Fall\CS120\CS120-ComputerNetwork-Project\Proj0\Pj0\MySoundPlayer\MySoundPlayer\Source\Main.cpp(191,9): error C2065: “isPlayingGeneratedWave”: 未声明的标识符
D:\Shanghaitech\2025Fall\CS120\CS120-ComputerNetwork-Project\Proj0\Pj0\MySoundPlayer\MySoundPlayer\Source\Main.cpp(192,9): error C2065: “isRecording”: 未声明的标识符
D:\Shanghaitech\2025Fall\CS120\CS120-ComputerNetwork-Project\Proj0\Pj0\MySoundPlayer\MySoundPlayer\Source\Main.cpp(193,9): error C2065: “isPlaying”: 未声明的标识符
D:\Shanghaitech\2025Fall\CS120\CS120-ComputerNetwork-Project\Proj0\Pj0\MySoundPlayer\MySoundPlayer\Source\Main.cpp(194,9): error C2065: “isPlayingMP3”: 未声明的标识符
D:\Shanghaitech\2025Fall\CS120\CS120-ComputerNetwork-Project\Proj0\Pj0\MySoundPlayer\MySoundPlayer\Source\Main.cpp(199,22): error C3482: “this”只能在非静态成员函数中用作 lambda 捕获
D:\Shanghaitech\2025Fall\CS120\CS120-ComputerNetwork-Project\Proj0\Pj0\MySoundPlayer\MySoundPlayer\Source\Main.cpp(201,17): error C2065: “isPlayingGeneratedWave”: 未声明的标识符
D:\Shanghaitech\2025Fall\CS120\CS120-ComputerNetwork-Project\Proj0\Pj0\MySoundPlayer\MySoundPlayer\Source\Main.cpp(202,17): error C2065: “isPlayingGeneratedWave”: 未声明的标识符
D:\Shanghaitech\2025Fall\CS120\CS120-ComputerNetwork-Project\Proj0\Pj0\MySoundPlayer\MySoundPlayer\Source\Main.cpp(211,21): error C2059: 语法错误:“[”
D:\Shanghaitech\2025Fall\CS120\CS120-ComputerNetwork-Project\Proj0\Pj0\MySoundPlayer\MySoundPlayer\Source\Main.cpp(211,39): error C2143: 语法错误: 缺少“;”(在“{”的前面)
D:\Shanghaitech\2025Fall\CS120\CS120-ComputerNetwork-Project\Proj0\Pj0\MySoundPlayer\MySoundPlayer\Source\Main.cpp(211,39): error C2143: 语法错误: 缺少“)”(在“;”的前面)
D:\Shanghaitech\2025Fall\CS120\CS120-ComputerNetwork-Project\Proj0\Pj0\MySoundPlayer\MySoundPlayer\Source\Main.cpp(211,39): error C2447: “{”: 缺少函数标题(是否是老式的形式表?)
D:\Shanghaitech\2025Fall\CS120\CS120-ComputerNetwork-Project\Proj0\Pj0\MySoundPlayer\MySoundPlayer\Source\Main.cpp(224,14): error C2059: 语法错误:“)”
D:\Shanghaitech\2025Fall\CS120\CS120-ComputerNetwork-Project\Proj0\Pj0\MySoundPlayer\MySoundPlayer\Source\Main.cpp(224,15): error C2059: 语法错误:“.”
D:\Shanghaitech\2025Fall\CS120\CS120-ComputerNetwork-Project\Proj0\Pj0\MySoundPlayer\MySoundPlayer\Source\Main.cpp(225,5): error C2059: 语法错误:“}”
D:\Shanghaitech\2025Fall\CS120\CS120-ComputerNetwork-Project\Proj0\Pj0\MySoundPlayer\MySoundPlayer\Source\Main.cpp(225,5): error C2143: 语法错误: 缺少“;”(在“}”的前面)
D:\Shanghaitech\2025Fall\CS120\CS120-ComputerNetwork-Project\Proj0\Pj0\MySoundPlayer\MySoundPlayer\Source\Main.cpp(229,9): error C4430: 缺少类型说明符 - 假定为 int。注意: C++ 不支持默认 int
D:\Shanghaitech\2025Fall\CS120\CS120-ComputerNetwork-Project\Proj0\Pj0\MySoundPlayer\MySoundPlayer\Source\Main.cpp(230,9): error C4430: 缺少类型说明符 - 假定为 int。注意: C++ 不支持默认 int
D:\Shanghaitech\2025Fall\CS120\CS120-ComputerNetwork-Project\Proj0\Pj0\MySoundPlayer\MySoundPlayer\Source\Main.cpp(231,9): error C4430: 缺少类型说明符 - 假定为 int。注意: C++ 不支持默认 int
D:\Shanghaitech\2025Fall\CS120\CS120-ComputerNetwork-Project\Proj0\Pj0\MySoundPlayer\MySoundPlayer\Source\Main.cpp(232,9): error C4430: 缺少类型说明符 - 假定为 int。注意: C++ 不支持默认 int
D:\Shanghaitech\2025Fall\CS120\CS120-ComputerNetwork-Project\Proj0\Pj0\MySoundPlayer\MySoundPlayer\Source\Main.cpp(233,19): error C2143: 语法错误: 缺少“;”(在“<<”的前面)
D:\Shanghaitech\2025Fall\CS120\CS120-ComputerNetwork-Project\Proj0\Pj0\MySoundPlayer\MySoundPlayer\Source\Main.cpp(233,14): error C4430: 缺少类型说明符 - 假定为 int。注意: C++ 不支持默认 int
D:\Shanghaitech\2025Fall\CS120\CS120-ComputerNetwork-Project\Proj0\Pj0\MySoundPlayer\MySoundPlayer\Source\Main.cpp(233,14): error C2371: “std::cout”: 重定义；不同的基类型
      D:\Microsoft Visual Studio\VC\Tools\MSVC\14.44.35207\include\iostream(40,75):
      参见“std::cout”的声明
  
D:\Shanghaitech\2025Fall\CS120\CS120-ComputerNetwork-Project\Proj0\Pj0\MySoundPlayer\MySoundPlayer\Source\Main.cpp(233,19): error C2059: 语法错误:“<<”
D:\Shanghaitech\2025Fall\CS120\CS120-ComputerNetwork-Project\Proj0\Pj0\MySoundPlayer\MySoundPlayer\Source\Main.cpp(234,19): error C2143: 语法错误: 缺少“;”(在“<<”的前面)
D:\Shanghaitech\2025Fall\CS120\CS120-ComputerNetwork-Project\Proj0\Pj0\MySoundPlayer\MySoundPlayer\Source\Main.cpp(234,14): error C4430: 缺少类型说明符 - 假定为 int。注意: C++ 不支持默认 int
D:\Shanghaitech\2025Fall\CS120\CS120-ComputerNetwork-Project\Proj0\Pj0\MySoundPlayer\MySoundPlayer\Source\Main.cpp(234,14): error C2371: “std::cout”: 重定义；不同的基类型
      D:\Microsoft Visual Studio\VC\Tools\MSVC\14.44.35207\include\iostream(40,75):
      参见“std::cout”的声明
  
D:\Shanghaitech\2025Fall\CS120\CS120-ComputerNetwork-Project\Proj0\Pj0\MySoundPlayer\MySoundPlayer\Source\Main.cpp(234,19): error C2059: 语法错误:“<<”
D:\Shanghaitech\2025Fall\CS120\CS120-ComputerNetwork-Project\Proj0\Pj0\MySoundPlayer\MySoundPlayer\Source\Main.cpp(235,5): error C2059: 语法错误:“}”
D:\Shanghaitech\2025Fall\CS120\CS120-ComputerNetwork-Project\Proj0\Pj0\MySoundPlayer\MySoundPlayer\Source\Main.cpp(235,5): error C2143: 语法错误: 缺少“;”(在“}”的前面)
D:\Shanghaitech\2025Fall\CS120\CS120-ComputerNetwork-Project\Proj0\Pj0\MySoundPlayer\MySoundPlayer\Source\Main.cpp(238,34): error C2143: 语法错误: 缺少“;”(在“{”的前面)
D:\Shanghaitech\2025Fall\CS120\CS120-ComputerNetwork-Project\Proj0\Pj0\MySoundPlayer\MySoundPlayer\Source\Main.cpp(238,34): error C2447: “{”: 缺少函数标题(是否是老式的形式表?)
D:\Shanghaitech\2025Fall\CS120\CS120-ComputerNetwork-Project\Proj0\Pj0\MySoundPlayer\MySoundPlayer\Source\Main.cpp(256,19): error C2088: 内置运算符“<<”无法应用于类型为“std::ostream”的操作数
D:\Shanghaitech\2025Fall\CS120\CS120-ComputerNetwork-Project\Proj0\Pj0\MySoundPlayer\MySoundPlayer\Source\Main.cpp(268,10): error C3158: “audioDeviceIOCallback”:“override”只能应用于虚成员函数
D:\Shanghaitech\2025Fall\CS120\CS120-ComputerNetwork-Project\Proj0\Pj0\MySoundPlayer\MySoundPlayer\Source\Main.cpp(268,10): error C2575: “audioDeviceIOCallback”: 只有成员函数和基可以是虚拟的
D:\Shanghaitech\2025Fall\CS120\CS120-ComputerNetwork-Project\Proj0\Pj0\MySoundPlayer\MySoundPlayer\Source\Main.cpp(275,13): error C2065: “isRecording”: 未声明的标识符
D:\Shanghaitech\2025Fall\CS120\CS120-ComputerNetwork-Project\Proj0\Pj0\MySoundPlayer\MySoundPlayer\Source\Main.cpp(277,40): error C2065: “recordingDuration”: 未声明的标识符
D:\Shanghaitech\2025Fall\CS120\CS120-ComputerNetwork-Project\Proj0\Pj0\MySoundPlayer\MySoundPlayer\Source\Main.cpp(277,61): error C2065: “maxRecordingSamples”: 未声明的标识符
D:\Shanghaitech\2025Fall\CS120\CS120-ComputerNetwork-Project\Proj0\Pj0\MySoundPlayer\MySoundPlayer\Source\Main.cpp(278,21): error C3861: “stopAll”: 找不到标识符
D:\Shanghaitech\2025Fall\CS120\CS120-ComputerNetwork-Project\Proj0\Pj0\MySoundPlayer\MySoundPlayer\Source\Main.cpp(283,17): error C2065: “recordedData”: 未声明的标识符
D:\Shanghaitech\2025Fall\CS120\CS120-ComputerNetwork-Project\Proj0\Pj0\MySoundPlayer\MySoundPlayer\Source\Main.cpp(284,17): error C2065: “recordingDuration”: 未声明的标识符
D:\Shanghaitech\2025Fall\CS120\CS120-ComputerNetwork-Project\Proj0\Pj0\MySoundPlayer\MySoundPlayer\Source\Main.cpp(294,37): error C2065: “mp3PlayPosition”: 未声明的标识符
D:\Shanghaitech\2025Fall\CS120\CS120-ComputerNetwork-Project\Proj0\Pj0\MySoundPlayer\MySoundPlayer\Source\Main.cpp(294,55): error C2065: “mp3Buffer”: 未声明的标识符
D:\Shanghaitech\2025Fall\CS120\CS120-ComputerNetwork-Project\Proj0\Pj0\MySoundPlayer\MySoundPlayer\Source\Main.cpp(295,37): error C2065: “mp3Buffer”: 未声明的标识符
D:\Shanghaitech\2025Fall\CS120\CS120-ComputerNetwork-Project\Proj0\Pj0\MySoundPlayer\MySoundPlayer\Source\Main.cpp(295,47): error C2065: “mp3PlayPosition”: 未声明的标识符
D:\Shanghaitech\2025Fall\CS120\CS120-ComputerNetwork-Project\Proj0\Pj0\MySoundPlayer\MySoundPlayer\Source\Main.cpp(296,21): error C2065: “mp3PlayPosition”: 未声明的标识符
D:\Shanghaitech\2025Fall\CS120\CS120-ComputerNetwork-Project\Proj0\Pj0\MySoundPlayer\MySoundPlayer\Source\Main.cpp(300,34): error C2065: “playPosition”: 未声明的标识符
D:\Shanghaitech\2025Fall\CS120\CS120-ComputerNetwork-Project\Proj0\Pj0\MySoundPlayer\MySoundPlayer\Source\Main.cpp(300,49): error C2065: “recordedData”: 未声明的标识符
D:\Shanghaitech\2025Fall\CS120\CS120-ComputerNetwork-Project\Proj0\Pj0\MySoundPlayer\MySoundPlayer\Source\Main.cpp(301,37): error C2065: “recordedData”: 未声明的标识符
D:\Shanghaitech\2025Fall\CS120\CS120-ComputerNetwork-Project\Proj0\Pj0\MySoundPlayer\MySoundPlayer\Source\Main.cpp(301,50): error C2065: “playPosition”: 未声明的标识符
D:\Shanghaitech\2025Fall\CS120\CS120-ComputerNetwork-Project\Proj0\Pj0\MySoundPlayer\MySoundPlayer\Source\Main.cpp(302,21): error C2065: “playPosition”: 未声明的标识符
D:\Shanghaitech\2025Fall\CS120\CS120-ComputerNetwork-Project\Proj0\Pj0\MySoundPlayer\MySoundPlayer\Source\Main.cpp(302,21): error C1003: 错误计数超过 100；正在停止编译
